// Jest Snapshot v1, https://goo.gl/fbAQLP

exports[`<Button /> rendering should render antd button correctly with no props 1`] = `
<Wave>
  <button
    className="ant-btn"
    onClick={[Function]}
    type="button"
  />
</Wave>
`;

exports[`<Button /> rendering should render the button wrapper correctly with no props 1`] = `
<Button
  block={false}
  className="default undefined"
  disabled={false}
  ghost={false}
  loading={false}
  prefixCls="ant-btn"
/>
`;
